[2/2/2026, 6:26:01 pm] START: Scraping air-canada (Total Active: 1)
[2/2/2026, 6:26:39 pm] SUCCESS: Fetched 40 reviews for air-canada
[3/2/2026, 10:17:05 am] START: Scraping air-canada (Total Active: 1)
[3/2/2026, 10:17:36 am] SUCCESS: Fetched 40 reviews for air-canada
[3/2/2026, 10:20:14 am] START: Scraping indigo-airlines (Total Active: 1)
[3/2/2026, 10:20:25 am] SUCCESS: Fetched 10 reviews for indigo-airlines
[3/2/2026, 11:34:42 am] START: Scraping indigo-airlines (Total Active: 1)
[3/2/2026, 11:34:55 am] SUCCESS: Fetched 10 reviews for indigo-airlines
[3/2/2026, 1:10:29 pm] START: Scraping air-india (Total Active: 1)
[3/2/2026, 1:10:47 pm] SUCCESS: Fetched 10 reviews for air-india
[3/2/2026, 3:11:06 pm] START: Scraping air-india (Total Active: 1)
[3/2/2026, 3:11:22 pm] SUCCESS: Fetched 10 reviews for air-india
[3/2/2026, 3:21:02 pm] START: Scraping air-canada (Total Active: 1)
[3/2/2026, 3:21:16 pm] SUCCESS: Fetched 40 reviews for air-canada
[3/2/2026, 3:49:24 pm] START: Scraping indigo-airlines (Total Active: 1)
[3/2/2026, 3:49:47 pm] SUCCESS: Fetched 10 reviews for indigo-airlines
[4/2/2026, 12:57:21 pm] START: Scraping air-india (Total Active: 1)
[4/2/2026, 12:57:30 pm] SUCCESS: Fetched 10 reviews for air-india
[5/2/2026, 1:08:21 pm] START: Scraping air-india (Total Active: 1)
[5/2/2026, 1:08:38 pm] SUCCESS: Fetched 11 reviews for air-india
[5/2/2026, 4:11:12 pm] START: Scraping air-india (Total Active: 1)
[5/2/2026, 4:11:21 pm] SUCCESS: Fetched 11 reviews for air-india
[6/2/2026, 10:48:55 am] START: Scraping air-india-express (Total Active: 1)
[6/2/2026, 10:49:11 am] SUCCESS: Fetched 10 reviews for air-india-express
[6/2/2026, 10:53:46 am] START: Scraping air-india (Total Active: 1)
[6/2/2026, 10:54:09 am] SUCCESS: Fetched 11 reviews for air-india
[6/2/2026, 11:12:21 am] START: Scraping air-india (Total Active: 1)
[6/2/2026, 11:12:54 am] SUCCESS: Fetched 11 reviews for air-india
[6/2/2026, 11:15:46 am] START: Scraping air-india (Total Active: 1)
[6/2/2026, 11:16:13 am] SUCCESS: Fetched 11 reviews for air-india
[6/2/2026, 1:33:17 pm] START: Scraping air-india (Total Active: 1)
[6/2/2026, 1:33:28 pm] SUCCESS: Fetched 11 reviews for air-india
[6/2/2026, 6:04:39 pm] START: Scraping air-canada (Total Active: 1)
[6/2/2026, 6:05:13 pm] SUCCESS: Fetched 40 reviews for air-canada
[6/2/2026, 6:10:39 pm] START: Scraping air-canada (Total Active: 1)
[6/2/2026, 6:11:22 pm] SUCCESS: Fetched 42 reviews for air-canada
[6/2/2026, 6:14:51 pm] START: Scraping air-india (Total Active: 1)
[6/2/2026, 6:15:07 pm] SUCCESS: Fetched 30 reviews for air-india
[6/2/2026, 6:21:41 pm] START: Scraping arajet (Total Active: 1)
[6/2/2026, 6:22:04 pm] SUCCESS: Fetched 30 reviews for arajet
[7/2/2026, 3:42:53 pm] START: Scraping air-canada (Total Active: 1)
[7/2/2026, 3:43:19 pm] SUCCESS: Fetched 42 reviews for air-canada
[7/2/2026, 3:55:28 pm] START: Scraping indigo-airlines (Total Active: 1)
[7/2/2026, 3:55:45 pm] SUCCESS: Fetched 30 reviews for indigo-airlines
[9/2/2026, 2:41:11 pm] START: Scraping air-india (Total Active: 1)
[9/2/2026, 2:41:33 pm] SUCCESS: Fetched 31 reviews for air-india
[9/2/2026, 4:20:16 pm] START: Scraping air-india (Total Active: 1)
[9/2/2026, 4:20:59 pm] SUCCESS: Fetched 31 reviews for air-india
[12/2/2026, 10:12:19 am] START: Scraping air-india (Total Active: 1)
[12/2/2026, 10:13:15 am] SUCCESS: Fetched 33 reviews for air-india
[13/2/2026, 10:10:24 am] START: Scraping indigo-airlines
[13/2/2026, 10:11:21 am] START: Scraping indigo-airlines
[13/2/2026, 10:12:16 am] START: Scraping arajet
[13/2/2026, 10:13:36 am] START: Scraping air-india
[13/2/2026, 10:27:07 am] START: Scraping air-india
[13/2/2026, 10:30:01 am] START: Scraping air-india-express
[13/2/2026, 10:39:40 am] START: Scraping arajet
[13/2/2026, 10:56:09 am] START: Scraping air-canada
[13/2/2026, 2:50:10 pm] START: Scraping air-india
[13/2/2026, 2:50:38 pm] SUCCESS: Fetched 35 reviews for air-india
[13/2/2026, 3:20:55 pm] START: Scraping air-canada
[13/2/2026, 3:21:14 pm] SUCCESS: Fetched 44 reviews for air-canada
[13/2/2026, 5:20:48 pm] START: Scraping air-canada
[13/2/2026, 5:21:04 pm] SUCCESS: Fetched 44 reviews for air-canada
[13/2/2026, 5:29:26 pm] START: Scraping arajet
[13/2/2026, 5:29:44 pm] SUCCESS: Fetched 30 reviews for arajet
[13/2/2026, 5:49:00 pm] START: Scraping japan-airlines
[13/2/2026, 5:49:16 pm] SUCCESS: Fetched 30 reviews for japan-airlines
[16/2/2026, 11:01:37 am] START: Scraping air-india
[16/2/2026, 11:01:50 am] SUCCESS: Fetched 36 reviews for air-india
[16/2/2026, 11:05:29 am] START: Scraping air-india-express
[16/2/2026, 11:05:36 am] SUCCESS: Fetched 32 reviews for air-india-express
[16/2/2026, 11:14:17 am] START: Scraping air-india-express
[16/2/2026, 11:14:24 am] SUCCESS: Fetched 32 reviews for air-india-express
[16/2/2026, 11:14:28 am] START: Scraping air-india-express
[16/2/2026, 11:14:35 am] SUCCESS: Fetched 32 reviews for air-india-express
[16/2/2026, 11:50:29 am] START: Scraping scoot
[16/2/2026, 11:50:50 am] SUCCESS: Fetched 30 reviews for scoot
[16/2/2026, 5:08:07 pm] START: Scraping air-india
[16/2/2026, 5:08:21 pm] SUCCESS: Fetched 36 reviews for air-india
[16/2/2026, 6:16:48 pm] START: Scraping air-india
[16/2/2026, 6:17:05 pm] SUCCESS: Fetched 36 reviews for air-india
[17/2/2026, 11:02:31 am] START: Scraping air-india
[17/2/2026, 11:02:57 am] SUCCESS: Fetched 36 reviews for air-india
[18/2/2026, 3:48:45 pm] START: Scraping american-airlines
[18/2/2026, 3:48:59 pm] SUCCESS: Fetched 30 reviews for american-airlines
[18/2/2026, 5:31:37 pm] START: Scraping emirates
[18/2/2026, 5:31:51 pm] SUCCESS: Fetched 30 reviews for emirates
[19/2/2026, 12:42:22 pm] START: Scraping indigo
[19/2/2026, 12:42:27 pm] SUCCESS: Fetched 0 reviews for indigo
[19/2/2026, 12:42:58 pm] START: Scraping indigo
[19/2/2026, 12:42:59 pm] SUCCESS: Fetched 0 reviews for indigo
[19/2/2026, 12:43:28 pm] START: Scraping indigo
[19/2/2026, 12:43:41 pm] SUCCESS: Fetched 1 reviews for indigo
[21/2/2026, 10:30:53 am] START: Scraping indigo
[21/2/2026, 10:31:34 am] SUCCESS: Fetched 2 reviews for indigo
[21/2/2026, 10:37:56 am] START: Scraping lufthansa
[21/2/2026, 10:38:22 am] SUCCESS: Fetched 30 reviews for lufthansa
[23/2/2026, 10:24:07 am] START: Scraping air-india
[23/2/2026, 10:24:50 am] SUCCESS: Fetched 36 reviews for air-india
[23/2/2026, 10:25:47 am] START: Scraping american-airlines
[23/2/2026, 10:26:09 am] SUCCESS: Fetched 32 reviews for american-airlines
[23/2/2026, 10:27:29 am] START: Scraping emirates
[23/2/2026, 10:28:17 am] SUCCESS: Fetched 30 reviews for emirates
[24/2/2026, 10:42:10 am] TRACKER: Scraping live data for UAE231
[24/2/2026, 10:42:28 am] TRACKER: Scraping live data for UAE231
[24/2/2026, 10:42:52 am] START: Scraping live-flight
[24/2/2026, 10:43:09 am] SUCCESS: Fetched 1 reviews for live-flight
[24/2/2026, 10:48:23 am] TRACKER: Scraping live data for AIC101
[24/2/2026, 10:48:36 am] TRACKER: Scraping live data for AIC101
[24/2/2026, 11:00:20 am] TRACKER: Scraping live data for UAE231
[24/2/2026, 11:00:37 am] TRACKER: Scraping live data for UAE231
[24/2/2026, 11:03:56 am] TRACKER: Scraping live data for UAE231
[24/2/2026, 11:04:07 am] TRACKER: Scraping live data for UAE231
[24/2/2026, 11:04:49 am] TRACKER: Scraping live data for AIC101
[24/2/2026, 11:04:55 am] TRACKER: Scraping live data for AIC101
[24/2/2026, 11:05:07 am] TRACKER: Scraping live data for AIC101
[24/2/2026, 11:07:24 am] TRACKER: Scraping live data for AIC101
[24/2/2026, 11:07:31 am] TRACKER: Scraping live data for AIC101
[24/2/2026, 11:09:28 am] TRACKER: Scraping live data for AIC101
[24/2/2026, 11:09:44 am] TRACKER: Scraping live data for AIC101
[24/2/2026, 11:09:49 am] START: Scraping air-india-101
[24/2/2026, 11:09:57 am] SUCCESS: Fetched 0 reviews for air-india-101
[24/2/2026, 11:09:59 am] START: Scraping air-india-101
[24/2/2026, 11:10:02 am] SUCCESS: Fetched 0 reviews for air-india-101
[24/2/2026, 11:12:38 am] TRACKER: Scraping live data for AIC101
[24/2/2026, 11:12:51 am] TRACKER: Scraping live data for AIC101
[24/2/2026, 11:12:55 am] TRACKER: Scraping live data for AIC101
[24/2/2026, 11:13:02 am] TRACKER: Scraping live data for AIC101
[24/2/2026, 11:13:06 am] TRACKER: Scraping live data for AIC101
[24/2/2026, 11:13:10 am] TRACKER: Scraping live data for AIC101
[24/2/2026, 11:13:14 am] TRACKER: Scraping live data for AIC101
[24/2/2026, 11:13:18 am] TRACKER: Scraping live data for AIC101
[24/2/2026, 11:13:21 am] TRACKER: Scraping live data for AIC101
[24/2/2026, 11:13:26 am] TRACKER: Scraping live data for AIC101
[24/2/2026, 11:13:36 am] START: Scraping air-india
[24/2/2026, 11:13:39 am] SUCCESS: Fetched 36 reviews for air-india
[24/2/2026, 11:16:25 am] TRACKER: Scraping live data for AIC101
[24/2/2026, 11:16:34 am] TRACKER: Scraping live data for AIC101
[24/2/2026, 11:22:14 am] TRACKER: Scraping live data for AIC101
[24/2/2026, 11:22:22 am] TRACKER: Scraping live data for AIC101
[24/2/2026, 11:22:26 am] TRACKER: Scraping live data for AIC101
[24/2/2026, 11:22:31 am] TRACKER: Scraping live data for AIC101
[24/2/2026, 11:22:34 am] TRACKER: Scraping live data for AIC101
[24/2/2026, 11:23:26 am] TRACKER: Scraping live data for AIC101
[24/2/2026, 11:24:01 am] TRACKER: Scraping live data for AIC101
[24/2/2026, 11:24:07 am] TRACKER: Scraping live data for AIC101
[24/2/2026, 11:24:11 am] TRACKER: Scraping live data for AIC101
[24/2/2026, 11:24:56 am] TRACKER: Scraping live data for AIC101
[24/2/2026, 11:25:01 am] TRACKER: Scraping live data for AIC101
[24/2/2026, 11:25:56 am] TRACKER: Scraping live data for AIC101
[24/2/2026, 11:26:02 am] TRACKER: Scraping live data for AIC101
[24/2/2026, 11:30:44 am] TRACKER: Scraping live data for AIC101
[24/2/2026, 11:31:07 am] TRACKER: Scraping live data for AIC101
[24/2/2026, 11:32:17 am] TRACKER: Scraping live data for AIC101
[24/2/2026, 11:32:25 am] TRACKER: Scraping live data for AIC101
[24/2/2026, 11:35:36 am] TRACKER: Scraping live data for AIC101
[24/2/2026, 11:35:44 am] TRACKER: Scraping live data for AIC101
[24/2/2026, 11:39:28 am] TRACKER: Scraping live data for AIC101
[24/2/2026, 11:39:37 am] TRACKER: Scraping live data for AIC101
[24/2/2026, 11:41:18 am] TRACKER: Scraping live data for AIC101
[24/2/2026, 11:41:26 am] TRACKER: Scraping live data for AIC101
[24/2/2026, 11:48:31 am] TRACKER: Scraping live data for AIC101
[24/2/2026, 11:48:48 am] TRACKER: Scraping live data for AIC101
[24/2/2026, 11:49:23 am] TRACKER: Scraping live data for AIC101
[24/2/2026, 11:49:31 am] TRACKER: Scraping live data for AIC101
[24/2/2026, 11:49:39 am] TRACKER: Scraping live data for UAE231
[24/2/2026, 11:49:46 am] TRACKER: Scraping live data for UAE231
[24/2/2026, 11:51:11 am] START: Scraping emirates
[24/2/2026, 11:51:17 am] SUCCESS: Fetched 30 reviews for emirates
[24/2/2026, 1:54:49 pm] TRACKER: Scraping live data for EK231
[24/2/2026, 1:55:09 pm] TRACKER: Scraping live data for EK231
[24/2/2026, 1:55:45 pm] TRACKER: Scraping live data for EK231
[24/2/2026, 1:56:05 pm] TRACKER: Scraping live data for EK231
[24/2/2026, 2:02:13 pm] TRACKER: Scraping live data for EK231
[24/2/2026, 2:02:33 pm] TRACKER: Scraping live data for EK231
[24/2/2026, 2:03:01 pm] START: Scraping emirates
[24/2/2026, 2:03:11 pm] SUCCESS: Fetched 30 reviews for emirates
[24/2/2026, 2:07:59 pm] TRACKER: Scraping live data for UAE231
[24/2/2026, 2:08:19 pm] TRACKER: Scraping live data for UAE231
[24/2/2026, 2:08:55 pm] TRACKER: Scraping live data for AI100
[24/2/2026, 2:09:15 pm] TRACKER: Scraping live data for AI100
[24/2/2026, 2:10:36 pm] TRACKER: Scraping live data for AI302
[24/2/2026, 2:10:56 pm] TRACKER: Scraping live data for AI302
[24/2/2026, 2:13:53 pm] START: Scraping air-india
[24/2/2026, 2:14:02 pm] SUCCESS: Fetched 36 reviews for air-india
[24/2/2026, 2:21:54 pm] TRACKER: Scraping live data for AI302
[24/2/2026, 2:22:16 pm] TRACKER: Scraping live data for AI302
[24/2/2026, 2:24:24 pm] TRACKER: Scraping live data for AI302
[24/2/2026, 2:24:42 pm] TRACKER: Scraping live data for AI302
[24/2/2026, 2:25:21 pm] TRACKER: Scraping live data for AI302
[24/2/2026, 2:25:36 pm] TRACKER: Scraping live data for AI302
[24/2/2026, 2:25:44 pm] TRACKER: Scraping live data for AI302
[24/2/2026, 2:25:58 pm] TRACKER: Scraping live data for AI302
[24/2/2026, 2:26:31 pm] TRACKER: Scraping live data for AI302
[24/2/2026, 2:26:51 pm] TRACKER: Scraping live data for AI302
[24/2/2026, 2:27:52 pm] TRACKER: Scraping live data for AI302
[24/2/2026, 2:28:12 pm] TRACKER: Scraping live data for AI302
[24/2/2026, 2:31:18 pm] TRACKER: Scraping live data for AI302
[24/2/2026, 2:31:38 pm] TRACKER: Scraping live data for AI302
